// Vitest Snapshot v1, https://vitest.dev/guide/snapshot.html

exports[`Variable Fix Layout Filter Start End > test get Covers 1`] = `
Map {
  "start" => [
    "getRecords_07e97c55832",
    "forEach_260a8f85ff2",
    "createRecord_8f85ff2c11d",
    "exclusiveSplit_ff2c11d0fb4",
    "branch_f2c11d0fb42",
    "branch_2c11d0fb42c",
    "exclusiveSplit_88dbf2c60ae",
    "branch_8dbf2c60aee",
    "exclusiveSplit_a59afaadc9a",
    "branch_59afaadc9ac",
    "branch_9afaadc9acd",
    "deleteRecords_c32807e97c5",
    "branch_dbf2c60aee4",
    "updateRecords_7ed2a172c32",
  ],
  "getRecords_07e97c55832" => [
    "forEach_260a8f85ff2",
    "createRecord_8f85ff2c11d",
    "exclusiveSplit_ff2c11d0fb4",
    "branch_f2c11d0fb42",
    "branch_2c11d0fb42c",
    "exclusiveSplit_88dbf2c60ae",
    "branch_8dbf2c60aee",
    "exclusiveSplit_a59afaadc9a",
    "branch_59afaadc9ac",
    "branch_9afaadc9acd",
    "deleteRecords_c32807e97c5",
    "branch_dbf2c60aee4",
    "updateRecords_7ed2a172c32",
  ],
  "forEach_260a8f85ff2" => [
    "exclusiveSplit_88dbf2c60ae",
    "branch_8dbf2c60aee",
    "exclusiveSplit_a59afaadc9a",
    "branch_59afaadc9ac",
    "branch_9afaadc9acd",
    "deleteRecords_c32807e97c5",
    "branch_dbf2c60aee4",
    "updateRecords_7ed2a172c32",
  ],
  "createRecord_8f85ff2c11d" => [
    "exclusiveSplit_ff2c11d0fb4",
    "branch_f2c11d0fb42",
    "branch_2c11d0fb42c",
  ],
  "exclusiveSplit_ff2c11d0fb4" => [],
  "branch_f2c11d0fb42" => [
    "branch_2c11d0fb42c",
  ],
  "branch_2c11d0fb42c" => [],
  "exclusiveSplit_88dbf2c60ae" => [],
  "branch_8dbf2c60aee" => [
    "branch_dbf2c60aee4",
    "updateRecords_7ed2a172c32",
  ],
  "exclusiveSplit_a59afaadc9a" => [],
  "branch_59afaadc9ac" => [
    "branch_9afaadc9acd",
    "deleteRecords_c32807e97c5",
  ],
  "branch_9afaadc9acd" => [],
  "deleteRecords_c32807e97c5" => [],
  "branch_dbf2c60aee4" => [],
  "updateRecords_7ed2a172c32" => [],
  "end" => [],
}
`;

exports[`Variable Fix Layout Filter Start End > test get Covers After Init Private 1`] = `
Map {
  "start" => [
    "getRecords_07e97c55832",
    "forEach_260a8f85ff2",
    "createRecord_8f85ff2c11d",
    "exclusiveSplit_ff2c11d0fb4",
    "branch_f2c11d0fb42",
    "branch_2c11d0fb42c",
    "exclusiveSplit_88dbf2c60ae",
    "branch_8dbf2c60aee",
    "exclusiveSplit_a59afaadc9a",
    "branch_59afaadc9ac",
    "branch_9afaadc9acd",
    "deleteRecords_c32807e97c5",
    "branch_dbf2c60aee4",
    "updateRecords_7ed2a172c32",
  ],
  "getRecords_07e97c55832" => [
    "forEach_260a8f85ff2",
    "forEach_260a8f85ff2_private",
    "createRecord_8f85ff2c11d",
    "createRecord_8f85ff2c11d_private",
    "exclusiveSplit_ff2c11d0fb4",
    "exclusiveSplit_ff2c11d0fb4_private",
    "branch_f2c11d0fb42",
    "branch_f2c11d0fb42_private",
    "branch_2c11d0fb42c",
    "branch_2c11d0fb42c_private",
    "exclusiveSplit_88dbf2c60ae",
    "exclusiveSplit_88dbf2c60ae_private",
    "branch_8dbf2c60aee",
    "branch_8dbf2c60aee_private",
    "exclusiveSplit_a59afaadc9a",
    "exclusiveSplit_a59afaadc9a_private",
    "branch_59afaadc9ac",
    "branch_59afaadc9ac_private",
    "branch_9afaadc9acd",
    "branch_9afaadc9acd_private",
    "deleteRecords_c32807e97c5",
    "deleteRecords_c32807e97c5_private",
    "branch_dbf2c60aee4",
    "branch_dbf2c60aee4_private",
    "updateRecords_7ed2a172c32",
    "updateRecords_7ed2a172c32_private",
  ],
  "forEach_260a8f85ff2" => [
    "exclusiveSplit_88dbf2c60ae",
    "exclusiveSplit_88dbf2c60ae_private",
    "branch_8dbf2c60aee",
    "branch_8dbf2c60aee_private",
    "exclusiveSplit_a59afaadc9a",
    "exclusiveSplit_a59afaadc9a_private",
    "branch_59afaadc9ac",
    "branch_59afaadc9ac_private",
    "branch_9afaadc9acd",
    "branch_9afaadc9acd_private",
    "deleteRecords_c32807e97c5",
    "deleteRecords_c32807e97c5_private",
    "branch_dbf2c60aee4",
    "branch_dbf2c60aee4_private",
    "updateRecords_7ed2a172c32",
    "updateRecords_7ed2a172c32_private",
  ],
  "createRecord_8f85ff2c11d" => [
    "exclusiveSplit_ff2c11d0fb4",
    "exclusiveSplit_ff2c11d0fb4_private",
    "branch_f2c11d0fb42",
    "branch_f2c11d0fb42_private",
    "branch_2c11d0fb42c",
    "branch_2c11d0fb42c_private",
  ],
  "exclusiveSplit_ff2c11d0fb4" => [],
  "branch_f2c11d0fb42" => [
    "branch_2c11d0fb42c",
    "branch_2c11d0fb42c_private",
  ],
  "branch_2c11d0fb42c" => [],
  "exclusiveSplit_88dbf2c60ae" => [],
  "branch_8dbf2c60aee" => [
    "branch_dbf2c60aee4",
    "branch_dbf2c60aee4_private",
    "updateRecords_7ed2a172c32",
    "updateRecords_7ed2a172c32_private",
  ],
  "exclusiveSplit_a59afaadc9a" => [],
  "branch_59afaadc9ac" => [
    "branch_9afaadc9acd",
    "branch_9afaadc9acd_private",
    "deleteRecords_c32807e97c5",
    "deleteRecords_c32807e97c5_private",
  ],
  "branch_9afaadc9acd" => [],
  "deleteRecords_c32807e97c5" => [],
  "branch_dbf2c60aee4" => [],
  "updateRecords_7ed2a172c32" => [],
  "end" => [],
}
`;

exports[`Variable Fix Layout Filter Start End > test get Deps 1`] = `
Map {
  "start" => [],
  "getRecords_07e97c55832" => [],
  "forEach_260a8f85ff2" => [
    "getRecords_07e97c55832",
  ],
  "createRecord_8f85ff2c11d" => [
    "getRecords_07e97c55832",
    "forEach_260a8f85ff2",
  ],
  "exclusiveSplit_ff2c11d0fb4" => [
    "getRecords_07e97c55832",
    "forEach_260a8f85ff2",
    "createRecord_8f85ff2c11d",
  ],
  "branch_f2c11d0fb42" => [
    "getRecords_07e97c55832",
    "forEach_260a8f85ff2",
    "createRecord_8f85ff2c11d",
    "exclusiveSplit_ff2c11d0fb4",
  ],
  "branch_2c11d0fb42c" => [
    "getRecords_07e97c55832",
    "forEach_260a8f85ff2",
    "createRecord_8f85ff2c11d",
    "exclusiveSplit_ff2c11d0fb4",
    "branch_f2c11d0fb42",
  ],
  "exclusiveSplit_88dbf2c60ae" => [
    "getRecords_07e97c55832",
    "forEach_260a8f85ff2",
  ],
  "branch_8dbf2c60aee" => [
    "getRecords_07e97c55832",
    "forEach_260a8f85ff2",
    "exclusiveSplit_88dbf2c60ae",
  ],
  "exclusiveSplit_a59afaadc9a" => [
    "getRecords_07e97c55832",
    "forEach_260a8f85ff2",
    "exclusiveSplit_88dbf2c60ae",
    "branch_8dbf2c60aee",
  ],
  "branch_59afaadc9ac" => [
    "getRecords_07e97c55832",
    "forEach_260a8f85ff2",
    "exclusiveSplit_88dbf2c60ae",
    "branch_8dbf2c60aee",
    "exclusiveSplit_a59afaadc9a",
  ],
  "branch_9afaadc9acd" => [
    "getRecords_07e97c55832",
    "forEach_260a8f85ff2",
    "exclusiveSplit_88dbf2c60ae",
    "branch_8dbf2c60aee",
    "exclusiveSplit_a59afaadc9a",
    "branch_59afaadc9ac",
  ],
  "deleteRecords_c32807e97c5" => [
    "getRecords_07e97c55832",
    "forEach_260a8f85ff2",
    "exclusiveSplit_88dbf2c60ae",
    "branch_8dbf2c60aee",
    "exclusiveSplit_a59afaadc9a",
    "branch_59afaadc9ac",
    "branch_9afaadc9acd",
  ],
  "branch_dbf2c60aee4" => [
    "getRecords_07e97c55832",
    "forEach_260a8f85ff2",
    "exclusiveSplit_88dbf2c60ae",
    "branch_8dbf2c60aee",
  ],
  "updateRecords_7ed2a172c32" => [
    "getRecords_07e97c55832",
    "forEach_260a8f85ff2",
    "exclusiveSplit_88dbf2c60ae",
    "branch_8dbf2c60aee",
    "branch_dbf2c60aee4",
  ],
  "end" => [
    "getRecords_07e97c55832",
    "forEach_260a8f85ff2",
    "exclusiveSplit_88dbf2c60ae",
  ],
}
`;

exports[`Variable Fix Layout Filter Start End > test get Deps After Init Private 1`] = `
Map {
  "start" => [],
  "getRecords_07e97c55832" => [
    "getRecords_07e97c55832_private",
  ],
  "forEach_260a8f85ff2" => [
    "getRecords_07e97c55832",
    "forEach_260a8f85ff2_private",
  ],
  "createRecord_8f85ff2c11d" => [
    "getRecords_07e97c55832",
    "forEach_260a8f85ff2",
    "forEach_260a8f85ff2_private",
    "createRecord_8f85ff2c11d_private",
  ],
  "exclusiveSplit_ff2c11d0fb4" => [
    "getRecords_07e97c55832",
    "forEach_260a8f85ff2",
    "forEach_260a8f85ff2_private",
    "createRecord_8f85ff2c11d",
    "exclusiveSplit_ff2c11d0fb4_private",
  ],
  "branch_f2c11d0fb42" => [
    "getRecords_07e97c55832",
    "forEach_260a8f85ff2",
    "forEach_260a8f85ff2_private",
    "createRecord_8f85ff2c11d",
    "exclusiveSplit_ff2c11d0fb4",
    "exclusiveSplit_ff2c11d0fb4_private",
    "branch_f2c11d0fb42_private",
  ],
  "branch_2c11d0fb42c" => [
    "getRecords_07e97c55832",
    "forEach_260a8f85ff2",
    "forEach_260a8f85ff2_private",
    "createRecord_8f85ff2c11d",
    "exclusiveSplit_ff2c11d0fb4",
    "exclusiveSplit_ff2c11d0fb4_private",
    "branch_f2c11d0fb42",
    "branch_2c11d0fb42c_private",
  ],
  "exclusiveSplit_88dbf2c60ae" => [
    "getRecords_07e97c55832",
    "forEach_260a8f85ff2",
    "exclusiveSplit_88dbf2c60ae_private",
  ],
  "branch_8dbf2c60aee" => [
    "getRecords_07e97c55832",
    "forEach_260a8f85ff2",
    "exclusiveSplit_88dbf2c60ae",
    "exclusiveSplit_88dbf2c60ae_private",
    "branch_8dbf2c60aee_private",
  ],
  "exclusiveSplit_a59afaadc9a" => [
    "getRecords_07e97c55832",
    "forEach_260a8f85ff2",
    "exclusiveSplit_88dbf2c60ae",
    "exclusiveSplit_88dbf2c60ae_private",
    "branch_8dbf2c60aee",
    "branch_8dbf2c60aee_private",
    "exclusiveSplit_a59afaadc9a_private",
  ],
  "branch_59afaadc9ac" => [
    "getRecords_07e97c55832",
    "forEach_260a8f85ff2",
    "exclusiveSplit_88dbf2c60ae",
    "exclusiveSplit_88dbf2c60ae_private",
    "branch_8dbf2c60aee",
    "branch_8dbf2c60aee_private",
    "exclusiveSplit_a59afaadc9a",
    "exclusiveSplit_a59afaadc9a_private",
    "branch_59afaadc9ac_private",
  ],
  "branch_9afaadc9acd" => [
    "getRecords_07e97c55832",
    "forEach_260a8f85ff2",
    "exclusiveSplit_88dbf2c60ae",
    "exclusiveSplit_88dbf2c60ae_private",
    "branch_8dbf2c60aee",
    "branch_8dbf2c60aee_private",
    "exclusiveSplit_a59afaadc9a",
    "exclusiveSplit_a59afaadc9a_private",
    "branch_59afaadc9ac",
    "branch_9afaadc9acd_private",
  ],
  "deleteRecords_c32807e97c5" => [
    "getRecords_07e97c55832",
    "forEach_260a8f85ff2",
    "exclusiveSplit_88dbf2c60ae",
    "exclusiveSplit_88dbf2c60ae_private",
    "branch_8dbf2c60aee",
    "branch_8dbf2c60aee_private",
    "exclusiveSplit_a59afaadc9a",
    "exclusiveSplit_a59afaadc9a_private",
    "branch_59afaadc9ac",
    "branch_9afaadc9acd",
    "branch_9afaadc9acd_private",
    "deleteRecords_c32807e97c5_private",
  ],
  "branch_dbf2c60aee4" => [
    "getRecords_07e97c55832",
    "forEach_260a8f85ff2",
    "exclusiveSplit_88dbf2c60ae",
    "exclusiveSplit_88dbf2c60ae_private",
    "branch_8dbf2c60aee",
    "branch_dbf2c60aee4_private",
  ],
  "updateRecords_7ed2a172c32" => [
    "getRecords_07e97c55832",
    "forEach_260a8f85ff2",
    "exclusiveSplit_88dbf2c60ae",
    "exclusiveSplit_88dbf2c60ae_private",
    "branch_8dbf2c60aee",
    "branch_dbf2c60aee4",
    "branch_dbf2c60aee4_private",
    "updateRecords_7ed2a172c32_private",
  ],
  "end" => [
    "getRecords_07e97c55832",
    "forEach_260a8f85ff2",
    "exclusiveSplit_88dbf2c60ae",
  ],
}
`;

exports[`Variable Fix Layout Filter Start End > test get private scope Covers 1`] = `
Map {
  "start_private" => [
    "start",
  ],
  "getRecords_07e97c55832_private" => [
    "getRecords_07e97c55832",
  ],
  "forEach_260a8f85ff2_private" => [
    "forEach_260a8f85ff2",
    "forEach_260a8f85ff2_private",
    "createRecord_8f85ff2c11d",
    "createRecord_8f85ff2c11d_private",
    "exclusiveSplit_ff2c11d0fb4",
    "exclusiveSplit_ff2c11d0fb4_private",
    "branch_f2c11d0fb42",
    "branch_f2c11d0fb42_private",
    "branch_2c11d0fb42c",
    "branch_2c11d0fb42c_private",
  ],
  "createRecord_8f85ff2c11d_private" => [
    "createRecord_8f85ff2c11d",
  ],
  "exclusiveSplit_ff2c11d0fb4_private" => [
    "exclusiveSplit_ff2c11d0fb4",
    "exclusiveSplit_ff2c11d0fb4_private",
    "branch_f2c11d0fb42",
    "branch_f2c11d0fb42_private",
    "branch_2c11d0fb42c",
    "branch_2c11d0fb42c_private",
  ],
  "branch_f2c11d0fb42_private" => [
    "branch_f2c11d0fb42",
  ],
  "branch_2c11d0fb42c_private" => [
    "branch_2c11d0fb42c",
  ],
  "exclusiveSplit_88dbf2c60ae_private" => [
    "exclusiveSplit_88dbf2c60ae",
    "exclusiveSplit_88dbf2c60ae_private",
    "branch_8dbf2c60aee",
    "branch_8dbf2c60aee_private",
    "exclusiveSplit_a59afaadc9a",
    "exclusiveSplit_a59afaadc9a_private",
    "branch_59afaadc9ac",
    "branch_59afaadc9ac_private",
    "branch_9afaadc9acd",
    "branch_9afaadc9acd_private",
    "deleteRecords_c32807e97c5",
    "deleteRecords_c32807e97c5_private",
    "branch_dbf2c60aee4",
    "branch_dbf2c60aee4_private",
    "updateRecords_7ed2a172c32",
    "updateRecords_7ed2a172c32_private",
  ],
  "branch_8dbf2c60aee_private" => [
    "branch_8dbf2c60aee",
    "branch_8dbf2c60aee_private",
    "exclusiveSplit_a59afaadc9a",
    "exclusiveSplit_a59afaadc9a_private",
    "branch_59afaadc9ac",
    "branch_59afaadc9ac_private",
    "branch_9afaadc9acd",
    "branch_9afaadc9acd_private",
    "deleteRecords_c32807e97c5",
    "deleteRecords_c32807e97c5_private",
  ],
  "exclusiveSplit_a59afaadc9a_private" => [
    "exclusiveSplit_a59afaadc9a",
    "exclusiveSplit_a59afaadc9a_private",
    "branch_59afaadc9ac",
    "branch_59afaadc9ac_private",
    "branch_9afaadc9acd",
    "branch_9afaadc9acd_private",
    "deleteRecords_c32807e97c5",
    "deleteRecords_c32807e97c5_private",
  ],
  "branch_59afaadc9ac_private" => [
    "branch_59afaadc9ac",
  ],
  "branch_9afaadc9acd_private" => [
    "branch_9afaadc9acd",
    "branch_9afaadc9acd_private",
    "deleteRecords_c32807e97c5",
    "deleteRecords_c32807e97c5_private",
  ],
  "deleteRecords_c32807e97c5_private" => [
    "deleteRecords_c32807e97c5",
  ],
  "branch_dbf2c60aee4_private" => [
    "branch_dbf2c60aee4",
    "branch_dbf2c60aee4_private",
    "updateRecords_7ed2a172c32",
    "updateRecords_7ed2a172c32_private",
  ],
  "updateRecords_7ed2a172c32_private" => [
    "updateRecords_7ed2a172c32",
  ],
  "end_private" => [],
}
`;

exports[`Variable Fix Layout Filter Start End > test get private scope Deps 1`] = `
Map {
  "start_private" => [],
  "getRecords_07e97c55832_private" => [],
  "forEach_260a8f85ff2_private" => [
    "getRecords_07e97c55832",
  ],
  "createRecord_8f85ff2c11d_private" => [
    "getRecords_07e97c55832",
    "forEach_260a8f85ff2",
    "forEach_260a8f85ff2_private",
  ],
  "exclusiveSplit_ff2c11d0fb4_private" => [
    "getRecords_07e97c55832",
    "forEach_260a8f85ff2",
    "forEach_260a8f85ff2_private",
    "createRecord_8f85ff2c11d",
  ],
  "branch_f2c11d0fb42_private" => [
    "getRecords_07e97c55832",
    "forEach_260a8f85ff2",
    "forEach_260a8f85ff2_private",
    "createRecord_8f85ff2c11d",
    "exclusiveSplit_ff2c11d0fb4",
    "exclusiveSplit_ff2c11d0fb4_private",
  ],
  "branch_2c11d0fb42c_private" => [
    "getRecords_07e97c55832",
    "forEach_260a8f85ff2",
    "forEach_260a8f85ff2_private",
    "createRecord_8f85ff2c11d",
    "exclusiveSplit_ff2c11d0fb4",
    "exclusiveSplit_ff2c11d0fb4_private",
    "branch_f2c11d0fb42",
  ],
  "exclusiveSplit_88dbf2c60ae_private" => [
    "getRecords_07e97c55832",
    "forEach_260a8f85ff2",
  ],
  "branch_8dbf2c60aee_private" => [
    "getRecords_07e97c55832",
    "forEach_260a8f85ff2",
    "exclusiveSplit_88dbf2c60ae",
    "exclusiveSplit_88dbf2c60ae_private",
  ],
  "exclusiveSplit_a59afaadc9a_private" => [
    "getRecords_07e97c55832",
    "forEach_260a8f85ff2",
    "exclusiveSplit_88dbf2c60ae",
    "exclusiveSplit_88dbf2c60ae_private",
    "branch_8dbf2c60aee",
    "branch_8dbf2c60aee_private",
  ],
  "branch_59afaadc9ac_private" => [
    "getRecords_07e97c55832",
    "forEach_260a8f85ff2",
    "exclusiveSplit_88dbf2c60ae",
    "exclusiveSplit_88dbf2c60ae_private",
    "branch_8dbf2c60aee",
    "branch_8dbf2c60aee_private",
    "exclusiveSplit_a59afaadc9a",
    "exclusiveSplit_a59afaadc9a_private",
  ],
  "branch_9afaadc9acd_private" => [
    "getRecords_07e97c55832",
    "forEach_260a8f85ff2",
    "exclusiveSplit_88dbf2c60ae",
    "exclusiveSplit_88dbf2c60ae_private",
    "branch_8dbf2c60aee",
    "branch_8dbf2c60aee_private",
    "exclusiveSplit_a59afaadc9a",
    "exclusiveSplit_a59afaadc9a_private",
    "branch_59afaadc9ac",
  ],
  "deleteRecords_c32807e97c5_private" => [
    "getRecords_07e97c55832",
    "forEach_260a8f85ff2",
    "exclusiveSplit_88dbf2c60ae",
    "exclusiveSplit_88dbf2c60ae_private",
    "branch_8dbf2c60aee",
    "branch_8dbf2c60aee_private",
    "exclusiveSplit_a59afaadc9a",
    "exclusiveSplit_a59afaadc9a_private",
    "branch_59afaadc9ac",
    "branch_9afaadc9acd",
    "branch_9afaadc9acd_private",
  ],
  "branch_dbf2c60aee4_private" => [
    "getRecords_07e97c55832",
    "forEach_260a8f85ff2",
    "exclusiveSplit_88dbf2c60ae",
    "exclusiveSplit_88dbf2c60ae_private",
    "branch_8dbf2c60aee",
  ],
  "updateRecords_7ed2a172c32_private" => [
    "getRecords_07e97c55832",
    "forEach_260a8f85ff2",
    "exclusiveSplit_88dbf2c60ae",
    "exclusiveSplit_88dbf2c60ae_private",
    "branch_8dbf2c60aee",
    "branch_dbf2c60aee4",
    "branch_dbf2c60aee4_private",
  ],
  "end_private" => [
    "getRecords_07e97c55832",
    "forEach_260a8f85ff2",
    "exclusiveSplit_88dbf2c60ae",
  ],
}
`;

exports[`Variable Fix Layout Filter Start End > test sort 1`] = `
[
  "start",
  "getRecords_07e97c55832",
  "getRecords_07e97c55832_private",
  "forEach_260a8f85ff2",
  "forEach_260a8f85ff2_private",
  "createRecord_8f85ff2c11d",
  "createRecord_8f85ff2c11d_private",
  "exclusiveSplit_ff2c11d0fb4",
  "exclusiveSplit_ff2c11d0fb4_private",
  "branch_f2c11d0fb42",
  "branch_f2c11d0fb42_private",
  "branch_2c11d0fb42c",
  "branch_2c11d0fb42c_private",
  "exclusiveSplit_88dbf2c60ae",
  "exclusiveSplit_88dbf2c60ae_private",
  "branch_8dbf2c60aee",
  "branch_8dbf2c60aee_private",
  "exclusiveSplit_a59afaadc9a",
  "exclusiveSplit_a59afaadc9a_private",
  "branch_59afaadc9ac",
  "branch_59afaadc9ac_private",
  "branch_9afaadc9acd",
  "branch_9afaadc9acd_private",
  "deleteRecords_c32807e97c5",
  "deleteRecords_c32807e97c5_private",
  "branch_dbf2c60aee4",
  "branch_dbf2c60aee4_private",
  "updateRecords_7ed2a172c32",
  "updateRecords_7ed2a172c32_private",
  "testScope",
  "$blockIcon$exclusiveSplit_ff2c11d0fb4",
  "$inlineBlocks$exclusiveSplit_ff2c11d0fb4",
  "$blockOrderIcon$branch_f2c11d0fb42",
  "$blockOrderIcon$branch_2c11d0fb42c",
  "$blockIcon$exclusiveSplit_88dbf2c60ae",
  "$inlineBlocks$exclusiveSplit_88dbf2c60ae",
  "$blockOrderIcon$branch_8dbf2c60aee",
  "$blockIcon$exclusiveSplit_a59afaadc9a",
  "$inlineBlocks$exclusiveSplit_a59afaadc9a",
  "$blockOrderIcon$branch_59afaadc9ac",
  "$blockOrderIcon$branch_9afaadc9acd",
  "$blockOrderIcon$branch_dbf2c60aee4",
  "end",
  "start_private",
  "end_private",
]
`;
