// Vitest Snapshot v1, https://vitest.dev/guide/snapshot.html

exports[`Variable Fixed Layout transform empty > test get Covers 1`] = `
Map {
  "start_0" => [],
  "end_0" => [],
  "base_1" => [],
  "base_2" => [],
  "loop_1" => [],
  "base_in_loop_1" => [],
  "base_in_loop_2" => [],
  "base_in_loop_3" => [],
  "base_3" => [],
}
`;

exports[`Variable Fixed Layout transform empty > test get Covers After Init Private 1`] = `
Map {
  "start_0" => [],
  "end_0" => [],
  "base_1" => [],
  "base_2" => [],
  "loop_1" => [],
  "base_in_loop_1" => [],
  "base_in_loop_2" => [],
  "base_in_loop_3" => [],
  "base_3" => [],
}
`;

exports[`Variable Fixed Layout transform empty > test get Deps 1`] = `
Map {
  "start_0" => [],
  "end_0" => [],
  "base_1" => [],
  "base_2" => [],
  "loop_1" => [],
  "base_in_loop_1" => [],
  "base_in_loop_2" => [],
  "base_in_loop_3" => [],
  "base_3" => [],
}
`;

exports[`Variable Fixed Layout transform empty > test get Deps After Init Private 1`] = `
Map {
  "start_0" => [],
  "end_0" => [],
  "base_1" => [],
  "base_2" => [],
  "loop_1" => [],
  "base_in_loop_1" => [],
  "base_in_loop_2" => [],
  "base_in_loop_3" => [],
  "base_3" => [],
}
`;

exports[`Variable Fixed Layout transform empty > test get private scope Covers 1`] = `
Map {
  "start_0_private" => [],
  "end_0_private" => [],
  "base_1_private" => [],
  "base_2_private" => [],
  "loop_1_private" => [],
  "base_in_loop_1_private" => [],
  "base_in_loop_2_private" => [],
  "base_in_loop_3_private" => [],
  "base_3_private" => [],
}
`;

exports[`Variable Fixed Layout transform empty > test get private scope Deps 1`] = `
Map {
  "start_0_private" => [],
  "end_0_private" => [],
  "base_1_private" => [],
  "base_2_private" => [],
  "loop_1_private" => [],
  "base_in_loop_1_private" => [],
  "base_in_loop_2_private" => [],
  "base_in_loop_3_private" => [],
  "base_3_private" => [],
}
`;

exports[`Variable Fixed Layout transform empty > test sort 1`] = `
[
  "start_0",
  "testScope",
  "end_0",
  "base_1",
  "base_2",
  "loop_1",
  "base_in_loop_1",
  "base_in_loop_2",
  "base_in_loop_3",
  "base_3",
  "start_0_private",
  "end_0_private",
  "base_1_private",
  "base_2_private",
  "loop_1_private",
  "base_in_loop_1_private",
  "base_in_loop_2_private",
  "base_in_loop_3_private",
  "base_3_private",
]
`;
